// Jest Snapshot v1, https://goo.gl/fbAQLP

exports[`AssurancesAndCompliance component renders correctly 1`] = `
ShallowWrapper {
  "length": 1,
  Symbol(enzyme.__root__): [Circular],
  Symbol(enzyme.__unrendered__): <AssurancesAndCompliance />,
  Symbol(enzyme.__renderer__): Object {
    "batchedUpdates": [Function],
    "getNode": [Function],
    "render": [Function],
    "simulateEvent": [Function],
    "unmount": [Function],
  },
  Symbol(enzyme.__node__): Object {
    "instance": null,
    "key": undefined,
    "nodeType": "function",
    "props": Object {
      "children": Array [
        <Subsection
          open={false}
          resource="assurancesAndCompliance.procurement"
        >
          <div>
            ...
          </div>
        </Subsection>,
        <Subsection
          open={false}
          resource="assurancesAndCompliance.recordsAccess"
        >
          <div>
            ...
          </div>
        </Subsection>,
        <Subsection
          open={false}
          resource="assurancesAndCompliance.softwareRights"
        >
          <div>
            ...
          </div>
        </Subsection>,
        <Subsection
          open={false}
          resource="assurancesAndCompliance.security"
        >
          <div>
            ...
          </div>
        </Subsection>,
      ],
      "id": "assurances-compliance",
      "resource": "assurancesAndCompliance",
    },
    "ref": null,
    "rendered": Array [
      Object {
        "instance": null,
        "key": undefined,
        "nodeType": "function",
        "props": Object {
          "children": <div>
            ...
          </div>,
          "open": false,
          "resource": "assurancesAndCompliance.procurement",
        },
        "ref": null,
        "rendered": Object {
          "instance": null,
          "key": undefined,
          "nodeType": "host",
          "props": Object {
            "children": "...",
          },
          "ref": null,
          "rendered": "...",
          "type": "div",
        },
        "type": [Function],
      },
      Object {
        "instance": null,
        "key": undefined,
        "nodeType": "function",
        "props": Object {
          "children": <div>
            ...
          </div>,
          "open": false,
          "resource": "assurancesAndCompliance.recordsAccess",
        },
        "ref": null,
        "rendered": Object {
          "instance": null,
          "key": undefined,
          "nodeType": "host",
          "props": Object {
            "children": "...",
          },
          "ref": null,
          "rendered": "...",
          "type": "div",
        },
        "type": [Function],
      },
      Object {
        "instance": null,
        "key": undefined,
        "nodeType": "function",
        "props": Object {
          "children": <div>
            ...
          </div>,
          "open": false,
          "resource": "assurancesAndCompliance.softwareRights",
        },
        "ref": null,
        "rendered": Object {
          "instance": null,
          "key": undefined,
          "nodeType": "host",
          "props": Object {
            "children": "...",
          },
          "ref": null,
          "rendered": "...",
          "type": "div",
        },
        "type": [Function],
      },
      Object {
        "instance": null,
        "key": undefined,
        "nodeType": "function",
        "props": Object {
          "children": <div>
            ...
          </div>,
          "open": false,
          "resource": "assurancesAndCompliance.security",
        },
        "ref": null,
        "rendered": Object {
          "instance": null,
          "key": undefined,
          "nodeType": "host",
          "props": Object {
            "children": "...",
          },
          "ref": null,
          "rendered": "...",
          "type": "div",
        },
        "type": [Function],
      },
    ],
    "type": [Function],
  },
  Symbol(enzyme.__nodes__): Array [
    Object {
      "instance": null,
      "key": undefined,
      "nodeType": "function",
      "props": Object {
        "children": Array [
          <Subsection
            open={false}
            resource="assurancesAndCompliance.procurement"
          >
            <div>
              ...
            </div>
          </Subsection>,
          <Subsection
            open={false}
            resource="assurancesAndCompliance.recordsAccess"
          >
            <div>
              ...
            </div>
          </Subsection>,
          <Subsection
            open={false}
            resource="assurancesAndCompliance.softwareRights"
          >
            <div>
              ...
            </div>
          </Subsection>,
          <Subsection
            open={false}
            resource="assurancesAndCompliance.security"
          >
            <div>
              ...
            </div>
          </Subsection>,
        ],
        "id": "assurances-compliance",
        "resource": "assurancesAndCompliance",
      },
      "ref": null,
      "rendered": Array [
        Object {
          "instance": null,
          "key": undefined,
          "nodeType": "function",
          "props": Object {
            "children": <div>
              ...
            </div>,
            "open": false,
            "resource": "assurancesAndCompliance.procurement",
          },
          "ref": null,
          "rendered": Object {
            "instance": null,
            "key": undefined,
            "nodeType": "host",
            "props": Object {
              "children": "...",
            },
            "ref": null,
            "rendered": "...",
            "type": "div",
          },
          "type": [Function],
        },
        Object {
          "instance": null,
          "key": undefined,
          "nodeType": "function",
          "props": Object {
            "children": <div>
              ...
            </div>,
            "open": false,
            "resource": "assurancesAndCompliance.recordsAccess",
          },
          "ref": null,
          "rendered": Object {
            "instance": null,
            "key": undefined,
            "nodeType": "host",
            "props": Object {
              "children": "...",
            },
            "ref": null,
            "rendered": "...",
            "type": "div",
          },
          "type": [Function],
        },
        Object {
          "instance": null,
          "key": undefined,
          "nodeType": "function",
          "props": Object {
            "children": <div>
              ...
            </div>,
            "open": false,
            "resource": "assurancesAndCompliance.softwareRights",
          },
          "ref": null,
          "rendered": Object {
            "instance": null,
            "key": undefined,
            "nodeType": "host",
            "props": Object {
              "children": "...",
            },
            "ref": null,
            "rendered": "...",
            "type": "div",
          },
          "type": [Function],
        },
        Object {
          "instance": null,
          "key": undefined,
          "nodeType": "function",
          "props": Object {
            "children": <div>
              ...
            </div>,
            "open": false,
            "resource": "assurancesAndCompliance.security",
          },
          "ref": null,
          "rendered": Object {
            "instance": null,
            "key": undefined,
            "nodeType": "host",
            "props": Object {
              "children": "...",
            },
            "ref": null,
            "rendered": "...",
            "type": "div",
          },
          "type": [Function],
        },
      ],
      "type": [Function],
    },
  ],
  Symbol(enzyme.__options__): Object {
    "adapter": ReactSixteenAdapter {
      "options": Object {
        "enableComponentDidUpdateOnSetState": true,
      },
    },
  },
}
`;
