// Jest Snapshot v1, https://goo.gl/fbAQLP

exports[`APD header renders correctly 1`] = `
<h1
  className="ds-h1 apd--title"
>
  <span
    className="ds-h6 ds-u-display--block"
  >
    <strong>
      Created:
    </strong>
     
    creation date
  </span>
  namey name
   | FFY 
  ffys
</h1>
`;
