// Jest Snapshot v1, https://goo.gl/fbAQLP

exports[`apd previous activity table, mmis component renders correctly 1`] = `
<Fragment>
  <h4
    aria-hidden="true"
    className="ds-h4"
  >
    MMIS
  </h4>
  <table
    className="budget-table"
    key="90"
  >
    <caption
      className="ds-h4 ds-u-visibility--screen-reader"
    >
      MMIS 
      <span>
        Federal share 
        <strong>
          90
          %
        </strong>
         FFP
      </span>
    </caption>
    <thead>
      <tr>
        <th
          id="prev_act_mmis_ffy"
        >
          <span
            className="ds-u-visibility--screen-reader"
          >
            Year
          </span>
        </th>
        <th
          id="prev_act_mmis90_total"
        >
          <span>
            Total computable
            <br />
            (Federal + state)
          </span>
        </th>
        <th
          colSpan="2"
          id="prev_act_mmis90_federal"
        >
          <span>
            Federal share 
            <strong>
              90
              %
            </strong>
             FFP
          </span>
        </th>
      </tr>
      <tr>
        <td
          aria-hidden="true"
          className="th"
        />
        <th
          className="ds-u-text-align--right"
          id="prev_act_mmis90_total_approved"
        >
          Approved
        </th>
        <th
          className="ds-u-text-align--right"
          id="prev_act_mmis90_federal_approved"
        >
          Approved
        </th>
        <th
          className="ds-u-text-align--right"
          id="prev_act_mmis90_federal_actual"
        >
          Actual
        </th>
      </tr>
    </thead>
    <tbody>
      <tr
        key="1"
      >
        <th
          id="prev_act_mmis_row_1"
        >
          FFY 1
        </th>
        <td
          className=""
          headers="prev_act_mmis_row_1 prev_act_mmis90_total prev_act_mmis90_total_approved"
        >
          <DollarField
            className="budget-table--input-holder"
            fieldClassName="budget-table--input__number"
            label="total approved funding for MMIS at the 90/10 level for FFY 1, state plus federal"
            labelClassName="ds-u-visibility--screen-reader"
            name="approved-total-mmis90-1"
            onChange={[Function]}
            value={20}
          />
        </td>
        <td
          className="budget-table--number"
          headers="prev_act_mmis_row_1 prev_act_mmis90_federal prev_act_mmis90_federal_approved"
        >
          <Dollars
            long={false}
          >
            18
          </Dollars>
        </td>
        <td
          className=""
          headers="prev_act_mmis_row_1 prev_act_mmis90_federal prev_act_mmis90_federal_actual"
        >
          <DollarField
            className="budget-table--input-holder"
            fieldClassName="budget-table--input__number"
            label="actual federal share for MMIS at the 90/10 level for FFY 1"
            labelClassName="ds-u-visibility--screen-reader"
            name="actual-federal-mmis90-1"
            onChange={[Function]}
            value={10}
          />
        </td>
      </tr>
      <tr
        key="2"
      >
        <th
          id="prev_act_mmis_row_2"
        >
          FFY 2
        </th>
        <td
          className=""
          headers="prev_act_mmis_row_2 prev_act_mmis90_total prev_act_mmis90_total_approved"
        >
          <DollarField
            className="budget-table--input-holder"
            fieldClassName="budget-table--input__number"
            label="total approved funding for MMIS at the 90/10 level for FFY 2, state plus federal"
            labelClassName="ds-u-visibility--screen-reader"
            name="approved-total-mmis90-2"
            onChange={[Function]}
            value={200}
          />
        </td>
        <td
          className="budget-table--number"
          headers="prev_act_mmis_row_2 prev_act_mmis90_federal prev_act_mmis90_federal_approved"
        >
          <Dollars
            long={false}
          >
            180
          </Dollars>
        </td>
        <td
          className=""
          headers="prev_act_mmis_row_2 prev_act_mmis90_federal prev_act_mmis90_federal_actual"
        >
          <DollarField
            className="budget-table--input-holder"
            fieldClassName="budget-table--input__number"
            label="actual federal share for MMIS at the 90/10 level for FFY 2"
            labelClassName="ds-u-visibility--screen-reader"
            name="actual-federal-mmis90-2"
            onChange={[Function]}
            value={100}
          />
        </td>
      </tr>
    </tbody>
  </table>
  <table
    className="budget-table"
    key="75"
  >
    <caption
      className="ds-h4 ds-u-visibility--screen-reader"
    >
      MMIS 
      <span>
        Federal share 
        <strong>
          75
          %
        </strong>
         FFP
      </span>
    </caption>
    <thead>
      <tr>
        <th
          id="prev_act_mmis_ffy"
        >
          <span
            className="ds-u-visibility--screen-reader"
          >
            Year
          </span>
        </th>
        <th
          id="prev_act_mmis75_total"
        >
          <span>
            Total computable
            <br />
            (Federal + state)
          </span>
        </th>
        <th
          colSpan="2"
          id="prev_act_mmis75_federal"
        >
          <span>
            Federal share 
            <strong>
              75
              %
            </strong>
             FFP
          </span>
        </th>
      </tr>
      <tr>
        <td
          aria-hidden="true"
          className="th"
        />
        <th
          className="ds-u-text-align--right"
          id="prev_act_mmis75_total_approved"
        >
          Approved
        </th>
        <th
          className="ds-u-text-align--right"
          id="prev_act_mmis75_federal_approved"
        >
          Approved
        </th>
        <th
          className="ds-u-text-align--right"
          id="prev_act_mmis75_federal_actual"
        >
          Actual
        </th>
      </tr>
    </thead>
    <tbody>
      <tr
        key="1"
      >
        <th
          id="prev_act_mmis_row_1"
        >
          FFY 1
        </th>
        <td
          className=""
          headers="prev_act_mmis_row_1 prev_act_mmis75_total prev_act_mmis75_total_approved"
        >
          <DollarField
            className="budget-table--input-holder"
            fieldClassName="budget-table--input__number"
            label="total approved funding for MMIS at the 75/25 level for FFY 1, state plus federal"
            labelClassName="ds-u-visibility--screen-reader"
            name="approved-total-mmis75-1"
            onChange={[Function]}
            value={40}
          />
        </td>
        <td
          className="budget-table--number"
          headers="prev_act_mmis_row_1 prev_act_mmis75_federal prev_act_mmis75_federal_approved"
        >
          <Dollars
            long={false}
          >
            30
          </Dollars>
        </td>
        <td
          className=""
          headers="prev_act_mmis_row_1 prev_act_mmis75_federal prev_act_mmis75_federal_actual"
        >
          <DollarField
            className="budget-table--input-holder"
            fieldClassName="budget-table--input__number"
            label="actual federal share for MMIS at the 75/25 level for FFY 1"
            labelClassName="ds-u-visibility--screen-reader"
            name="actual-federal-mmis75-1"
            onChange={[Function]}
            value={30}
          />
        </td>
      </tr>
      <tr
        key="2"
      >
        <th
          id="prev_act_mmis_row_2"
        >
          FFY 2
        </th>
        <td
          className=""
          headers="prev_act_mmis_row_2 prev_act_mmis75_total prev_act_mmis75_total_approved"
        >
          <DollarField
            className="budget-table--input-holder"
            fieldClassName="budget-table--input__number"
            label="total approved funding for MMIS at the 75/25 level for FFY 2, state plus federal"
            labelClassName="ds-u-visibility--screen-reader"
            name="approved-total-mmis75-2"
            onChange={[Function]}
            value={400}
          />
        </td>
        <td
          className="budget-table--number"
          headers="prev_act_mmis_row_2 prev_act_mmis75_federal prev_act_mmis75_federal_approved"
        >
          <Dollars
            long={false}
          >
            300
          </Dollars>
        </td>
        <td
          className=""
          headers="prev_act_mmis_row_2 prev_act_mmis75_federal prev_act_mmis75_federal_actual"
        >
          <DollarField
            className="budget-table--input-holder"
            fieldClassName="budget-table--input__number"
            label="actual federal share for MMIS at the 75/25 level for FFY 2"
            labelClassName="ds-u-visibility--screen-reader"
            name="actual-federal-mmis75-2"
            onChange={[Function]}
            value={300}
          />
        </td>
      </tr>
    </tbody>
  </table>
  <table
    className="budget-table"
    key="50"
  >
    <caption
      className="ds-h4 ds-u-visibility--screen-reader"
    >
      MMIS 
      <span>
        Federal share 
        <strong>
          50
          %
        </strong>
         FFP
      </span>
    </caption>
    <thead>
      <tr>
        <th
          id="prev_act_mmis_ffy"
        >
          <span
            className="ds-u-visibility--screen-reader"
          >
            Year
          </span>
        </th>
        <th
          id="prev_act_mmis50_total"
        >
          <span>
            Total computable
            <br />
            (Federal + state)
          </span>
        </th>
        <th
          colSpan="2"
          id="prev_act_mmis50_federal"
        >
          <span>
            Federal share 
            <strong>
              50
              %
            </strong>
             FFP
          </span>
        </th>
      </tr>
      <tr>
        <td
          aria-hidden="true"
          className="th"
        />
        <th
          className="ds-u-text-align--right"
          id="prev_act_mmis50_total_approved"
        >
          Approved
        </th>
        <th
          className="ds-u-text-align--right"
          id="prev_act_mmis50_federal_approved"
        >
          Approved
        </th>
        <th
          className="ds-u-text-align--right"
          id="prev_act_mmis50_federal_actual"
        >
          Actual
        </th>
      </tr>
    </thead>
    <tbody>
      <tr
        key="1"
      >
        <th
          id="prev_act_mmis_row_1"
        >
          FFY 1
        </th>
        <td
          className=""
          headers="prev_act_mmis_row_1 prev_act_mmis50_total prev_act_mmis50_total_approved"
        >
          <DollarField
            className="budget-table--input-holder"
            fieldClassName="budget-table--input__number"
            label="total approved funding for MMIS at the 50/50 level for FFY 1, state plus federal"
            labelClassName="ds-u-visibility--screen-reader"
            name="approved-total-mmis50-1"
            onChange={[Function]}
            value={60}
          />
        </td>
        <td
          className="budget-table--number"
          headers="prev_act_mmis_row_1 prev_act_mmis50_federal prev_act_mmis50_federal_approved"
        >
          <Dollars
            long={false}
          >
            30
          </Dollars>
        </td>
        <td
          className=""
          headers="prev_act_mmis_row_1 prev_act_mmis50_federal prev_act_mmis50_federal_actual"
        >
          <DollarField
            className="budget-table--input-holder"
            fieldClassName="budget-table--input__number"
            label="actual federal share for MMIS at the 50/50 level for FFY 1"
            labelClassName="ds-u-visibility--screen-reader"
            name="actual-federal-mmis50-1"
            onChange={[Function]}
            value={50}
          />
        </td>
      </tr>
      <tr
        key="2"
      >
        <th
          id="prev_act_mmis_row_2"
        >
          FFY 2
        </th>
        <td
          className=""
          headers="prev_act_mmis_row_2 prev_act_mmis50_total prev_act_mmis50_total_approved"
        >
          <DollarField
            className="budget-table--input-holder"
            fieldClassName="budget-table--input__number"
            label="total approved funding for MMIS at the 50/50 level for FFY 2, state plus federal"
            labelClassName="ds-u-visibility--screen-reader"
            name="approved-total-mmis50-2"
            onChange={[Function]}
            value={600}
          />
        </td>
        <td
          className="budget-table--number"
          headers="prev_act_mmis_row_2 prev_act_mmis50_federal prev_act_mmis50_federal_approved"
        >
          <Dollars
            long={false}
          >
            300
          </Dollars>
        </td>
        <td
          className=""
          headers="prev_act_mmis_row_2 prev_act_mmis50_federal prev_act_mmis50_federal_actual"
        >
          <DollarField
            className="budget-table--input-holder"
            fieldClassName="budget-table--input__number"
            label="actual federal share for MMIS at the 50/50 level for FFY 2"
            labelClassName="ds-u-visibility--screen-reader"
            name="actual-federal-mmis50-2"
            onChange={[Function]}
            value={500}
          />
        </td>
      </tr>
    </tbody>
  </table>
</Fragment>
`;
