// Jest Snapshot v1, https://goo.gl/fbAQLP

exports[`the Root component renders correctly 1`] = `
<LDProvider
  clientSideID="632b257a7cb8135b685301f2"
  options={
    Object {
      "baseUrl": "https://clientsdk.launchdarkly.us",
      "eventsUrl": "https://events.launchdarkly.us",
      "streamUrl": "https://clientstream.launchdarkly.us",
    }
  }
  reactOptions={
    Object {
      "sendEventsOnFlagRead": true,
      "useCamelCaseFlagKeys": true,
    }
  }
>
  <Root
    history={
      Object {
        "listen": [MockFunction],
      }
    }
    store={
      Object {
        "clearActions": [Function],
        "dispatch": [Function],
        "getActions": [Function],
        "getState": [Function],
        "replaceReducer": [Function],
        "subscribe": [Function],
      }
    }
  />
</LDProvider>
`;
