// Jest Snapshot v1, https://goo.gl/fbAQLP

exports[`DollarInput component renders correctly 1`] = `
<div
  className="mb2"
>
  <label
    className="block mb-tiny truncate"
    htmlFor="name"
  >
    label
  </label>
  <NumberInput
    id="name"
    onChange={null}
    type="text"
  />
</div>
`;

exports[`PercentInput component renders correctly 1`] = `
<div
  className="mb2"
>
  <label
    className="block mb-tiny truncate"
    htmlFor="name"
  >
    label
  </label>
  <NumberInput
    id="name"
    onChange={null}
    type="text"
  />
</div>
`;
