// Jest Snapshot v1, https://goo.gl/fbAQLP

exports[`apd version withdraw endpoint | DELETE /apds/:id/versions when attempting to withdraw an APD 1`] = `undefined`;
