// Jest Snapshot v1, https://goo.gl/fbAQLP

exports[`APD files endpoints Get a file associated with an APD | GET /apds/:id/files/:fileID when authenticated as a user with permission with a non-existant apd ID 1`] = `""`;

exports[`APD files endpoints Get a file associated with an APD | GET /apds/:id/files/:fileID when authenticated as a user with permission with a valid request 1`] = `"hello, this is downloaded"`;

exports[`APD files endpoints Get a file associated with an APD | GET /apds/:id/files/:fileID when authenticated as a user with permission with an APD in a state other than the user's state 1`] = `""`;

exports[`APD files endpoints Get a file associated with an APD | GET /apds/:id/files/:fileID when authenticated as a user with permission with an APD that is not associated with the file 1`] = `""`;

exports[`APD files endpoints Upload a file associated with an APD | POST /apds/:id/files when authenticated as a user with permission with a non-existant apd ID 1`] = `""`;

exports[`APD files endpoints Upload a file associated with an APD | POST /apds/:id/files when authenticated as a user with permission with an APD in a state other than the user's state 1`] = `""`;

exports[`APD files endpoints Upload a file associated with an APD | POST /apds/:id/files when authenticated as a user with permission with an APD that is not in draft 1`] = `"{\\"error\\":\\"apd-not-editable\\"}"`;
