// Jest Snapshot v1, https://goo.gl/fbAQLP

exports[`<MmisBudgetSummary /> renders correctly with a valid budget 1`] = `
<DocumentFragment>
  <div
    class="subsection--title"
  >
    <h3
      class=" ds-h3"
      id="executive-summary-budget-table"
    >
      Program Budget Tables
    </h3>
    <div>
      <div
        class="visibility--screen"
      >
        <p>
          Program budget tables are automatically computed for this APD. This table will be referenced in the CMS approval letter.
        </p>
      </div>
    </div>
    <table
      class="budget-table"
    >
      <caption
        class="ds-h4"
      >
        MMIS DDI Costs
        <span
          class="ds-u-visibility--screen-reader"
        >
          executive summary
        </span>
      </caption>
      <thead>
        <tr
          class="budget-table--row__highlight-gray-dark"
        >
          <td
            class="th"
            id="program-budget-table-null3"
          />
          <th
            class="ds-u-text-align--right"
            colspan="2"
            id="program-budget-table-mmis90"
          >
            MMIS DDI (90/10)
          </th>
          <th
            class="ds-u-text-align--right"
            colspan="2"
            id="program-budget-table-mmis75"
          >
            MMIS DDI (75/25)
          </th>
          <th
            class="ds-u-text-align--right"
            colspan="2"
            id="program-budget-table-mmis50"
          >
            MMIS DDI (50/50)
          </th>
          <th
            class="ds-u-text-align--right"
            colspan="2"
            id="program-budget-table-mmisTotal"
          >
            MMIS DDI (Total)
          </th>
          <th />
        </tr>
        <tr
          class="budget-table--row__highlight-gray-light"
        >
          <td
            class="th"
            id="program-budget-table-null4"
          />
          <th
            class="ds-u-text-align--right"
            id="program-budget-table-mmis90-fed"
          >
            Federal
          </th>
          <th
            class="ds-u-text-align--right"
            id="program-budget-table-mmis90-state"
          >
            State
          </th>
          <th
            class="ds-u-text-align--right"
            id="program-budget-table-mmis75-fed"
          >
            Federal
          </th>
          <th
            class="ds-u-text-align--right"
            id="program-budget-table-mmis75-state"
          >
            State
          </th>
          <th
            class="ds-u-text-align--right"
            id="program-budget-table-mmis50-fed"
          >
            Federal
          </th>
          <th
            class="ds-u-text-align--right"
            id="program-budget-table-mmis50-state"
          >
            State
          </th>
          <th
            class="ds-u-text-align--right"
            id="program-budget-table-mmisTotal-fed"
          >
            Federal
          </th>
          <th
            class="ds-u-text-align--right"
            id="program-budget-table-mmisTotal-state"
          >
            State
          </th>
          <th
            class="ds-u-text-align--right"
            id="program-budget-table-mmisTotal-total"
          >
            Total Computable Medicaid Cost
          </th>
        </tr>
      </thead>
      <tbody>
        <tr
          class=""
        >
          <th
            headers="program-budget-table-null3 program-budget-table-null4"
            scope="row"
          >
            FFY 2023
          </th>
          <td
            class="budget-table--number "
            headers="program-budget-table-mmis90 program-budget-table-mmis90-fed"
          >
            <span>
              $4,547,548
            </span>
          </td>
          <td
            class="budget-table--number "
            headers="program-budget-table-mmis90 program-budget-table-mmis90-state"
          >
            <span>
              $505,283
            </span>
          </td>
          <td
            class="budget-table--number "
            headers="program-budget-table-mmis75 program-budget-table-mmis75-fed"
          >
            <span>
              $0
            </span>
          </td>
          <td
            class="budget-table--number "
            headers="program-budget-table-mmis75 program-budget-table-mmis75-state"
          >
            <span>
              $0
            </span>
          </td>
          <td
            class="budget-table--number "
            headers="program-budget-table-mmis50 program-budget-table-mmis50-fed"
          >
            <span>
              $0
            </span>
          </td>
          <td
            class="budget-table--number "
            headers="program-budget-table-mmis50 program-budget-table-mmis50-state"
          >
            <span>
              $0
            </span>
          </td>
          <td
            class="budget-table--number "
            headers="program-budget-table-mmisTotal program-budget-table-mmisTotal-fed"
          >
            <span>
              $4,547,548
            </span>
          </td>
          <td
            class="budget-table--number "
            headers="program-budget-table-mmisTotal program-budget-table-mmisTotal-state"
          >
            <span>
              $505,283
            </span>
          </td>
          <td
            class="budget-table--number budget-table--cell__hightlight-lighter"
            headers="program-budget-table-mmisTotal program-budget-table-mmisTotal-total"
          >
            <span>
              $5,052,831
            </span>
          </td>
        </tr>
        <tr
          class=""
        >
          <th
            headers="program-budget-table-null3 program-budget-table-null4"
            scope="row"
          >
            FFY 2024
          </th>
          <td
            class="budget-table--number "
            headers="program-budget-table-mmis90 program-budget-table-mmis90-fed"
          >
            <span>
              $0
            </span>
          </td>
          <td
            class="budget-table--number "
            headers="program-budget-table-mmis90 program-budget-table-mmis90-state"
          >
            <span>
              $0
            </span>
          </td>
          <td
            class="budget-table--number "
            headers="program-budget-table-mmis75 program-budget-table-mmis75-fed"
          >
            <span>
              $2,319,750
            </span>
          </td>
          <td
            class="budget-table--number "
            headers="program-budget-table-mmis75 program-budget-table-mmis75-state"
          >
            <span>
              $773,250
            </span>
          </td>
          <td
            class="budget-table--number "
            headers="program-budget-table-mmis50 program-budget-table-mmis50-fed"
          >
            <span>
              $0
            </span>
          </td>
          <td
            class="budget-table--number "
            headers="program-budget-table-mmis50 program-budget-table-mmis50-state"
          >
            <span>
              $0
            </span>
          </td>
          <td
            class="budget-table--number "
            headers="program-budget-table-mmisTotal program-budget-table-mmisTotal-fed"
          >
            <span>
              $2,319,750
            </span>
          </td>
          <td
            class="budget-table--number "
            headers="program-budget-table-mmisTotal program-budget-table-mmisTotal-state"
          >
            <span>
              $773,250
            </span>
          </td>
          <td
            class="budget-table--number budget-table--cell__hightlight-lighter"
            headers="program-budget-table-mmisTotal program-budget-table-mmisTotal-total"
          >
            <span>
              $3,093,000
            </span>
          </td>
        </tr>
        <tr
          class="budget-table--total budget-table--row__highlight-lighter"
        >
          <th
            headers="program-budget-table-null3 program-budget-table-null4"
            scope="row"
          >
            Total
          </th>
          <td
            class="budget-table--number "
            headers="program-budget-table-mmis90 program-budget-table-mmis90-fed"
          >
            <span>
              $4,547,548
            </span>
          </td>
          <td
            class="budget-table--number "
            headers="program-budget-table-mmis90 program-budget-table-mmis90-state"
          >
            <span>
              $505,283
            </span>
          </td>
          <td
            class="budget-table--number "
            headers="program-budget-table-mmis75 program-budget-table-mmis75-fed"
          >
            <span>
              $2,319,750
            </span>
          </td>
          <td
            class="budget-table--number "
            headers="program-budget-table-mmis75 program-budget-table-mmis75-state"
          >
            <span>
              $773,250
            </span>
          </td>
          <td
            class="budget-table--number "
            headers="program-budget-table-mmis50 program-budget-table-mmis50-fed"
          >
            <span>
              $0
            </span>
          </td>
          <td
            class="budget-table--number "
            headers="program-budget-table-mmis50 program-budget-table-mmis50-state"
          >
            <span>
              $0
            </span>
          </td>
          <td
            class="budget-table--number "
            headers="program-budget-table-mmisTotal program-budget-table-mmisTotal-fed"
          >
            <span>
              $6,867,298
            </span>
          </td>
          <td
            class="budget-table--number "
            headers="program-budget-table-mmisTotal program-budget-table-mmisTotal-state"
          >
            <span>
              $1,278,533
            </span>
          </td>
          <td
            class="budget-table--number budget-table--cell__hightlight-lighter"
            headers="program-budget-table-mmisTotal program-budget-table-mmisTotal-total"
          >
            <span>
              $8,145,831
            </span>
          </td>
        </tr>
      </tbody>
    </table>
    <table
      class="budget-table"
    >
      <caption
        class="ds-h4"
      >
        MMIS M&O Costs
        <span
          class="ds-u-visibility--screen-reader"
        >
          executive summary
        </span>
      </caption>
      <thead>
        <tr
          class="budget-table--row__highlight-gray-dark"
        >
          <td
            class="th"
            id="program-budget-table-null3"
          />
          <th
            class="ds-u-text-align--right"
            colspan="2"
            id="program-budget-table-mmis75"
          >
            MMIS M&O (75/25)
          </th>
          <th
            class="ds-u-text-align--right"
            colspan="2"
            id="program-budget-table-mmis50"
          >
            MMIS M&O (50/50)
          </th>
          <th
            class="ds-u-text-align--right"
            colspan="2"
            id="program-budget-table-mmisTotal"
          >
            MMIS M&O (Total)
          </th>
          <th />
        </tr>
        <tr
          class="budget-table--row__highlight-gray-light"
        >
          <td
            class="th"
            id="program-budget-table-null4"
          />
          <th
            class="ds-u-text-align--right"
            id="program-budget-table-mmis75-fed"
          >
            Federal
          </th>
          <th
            class="ds-u-text-align--right"
            id="program-budget-table-mmis75-state"
          >
            State
          </th>
          <th
            class="ds-u-text-align--right"
            id="program-budget-table-mmis50-fed"
          >
            Federal
          </th>
          <th
            class="ds-u-text-align--right"
            id="program-budget-table-mmis50-state"
          >
            State
          </th>
          <th
            class="ds-u-text-align--right"
            id="program-budget-table-mmisTotal-fed"
          >
            Federal
          </th>
          <th
            class="ds-u-text-align--right"
            id="program-budget-table-mmisTotal-state"
          >
            State
          </th>
          <th
            class="ds-u-text-align--right"
            id="program-budget-table-mmisTotal-total"
          >
            Total Computable Medicaid Cost
          </th>
        </tr>
      </thead>
      <tbody>
        <tr
          class=""
        >
          <th
            headers="program-budget-table-null3 program-budget-table-null4"
            scope="row"
          >
            FFY 2023
          </th>
          <td
            class="budget-table--number "
            headers="program-budget-table-mmis75 program-budget-table-mmis75-fed"
          >
            <span>
              $0
            </span>
          </td>
          <td
            class="budget-table--number "
            headers="program-budget-table-mmis75 program-budget-table-mmis75-state"
          >
            <span>
              $0
            </span>
          </td>
          <td
            class="budget-table--number "
            headers="program-budget-table-mmis50 program-budget-table-mmis50-fed"
          >
            <span>
              $0
            </span>
          </td>
          <td
            class="budget-table--number "
            headers="program-budget-table-mmis50 program-budget-table-mmis50-state"
          >
            <span>
              $0
            </span>
          </td>
          <td
            class="budget-table--number "
            headers="program-budget-table-mmisTotal program-budget-table-mmisTotal-fed"
          >
            <span>
              $0
            </span>
          </td>
          <td
            class="budget-table--number "
            headers="program-budget-table-mmisTotal program-budget-table-mmisTotal-state"
          >
            <span>
              $0
            </span>
          </td>
          <td
            class="budget-table--number budget-table--cell__hightlight-lighter"
            headers="program-budget-table-mmisTotal program-budget-table-mmisTotal-total"
          >
            <span>
              $0
            </span>
          </td>
        </tr>
        <tr
          class=""
        >
          <th
            headers="program-budget-table-null3 program-budget-table-null4"
            scope="row"
          >
            FFY 2024
          </th>
          <td
            class="budget-table--number "
            headers="program-budget-table-mmis75 program-budget-table-mmis75-fed"
          >
            <span>
              $1,428,184
            </span>
          </td>
          <td
            class="budget-table--number "
            headers="program-budget-table-mmis75 program-budget-table-mmis75-state"
          >
            <span>
              $476,061
            </span>
          </td>
          <td
            class="budget-table--number "
            headers="program-budget-table-mmis50 program-budget-table-mmis50-fed"
          >
            <span>
              $0
            </span>
          </td>
          <td
            class="budget-table--number "
            headers="program-budget-table-mmis50 program-budget-table-mmis50-state"
          >
            <span>
              $0
            </span>
          </td>
          <td
            class="budget-table--number "
            headers="program-budget-table-mmisTotal program-budget-table-mmisTotal-fed"
          >
            <span>
              $1,428,184
            </span>
          </td>
          <td
            class="budget-table--number "
            headers="program-budget-table-mmisTotal program-budget-table-mmisTotal-state"
          >
            <span>
              $476,061
            </span>
          </td>
          <td
            class="budget-table--number budget-table--cell__hightlight-lighter"
            headers="program-budget-table-mmisTotal program-budget-table-mmisTotal-total"
          >
            <span>
              $1,904,245
            </span>
          </td>
        </tr>
        <tr
          class="budget-table--total budget-table--row__highlight-lighter"
        >
          <th
            headers="program-budget-table-null3 program-budget-table-null4"
            scope="row"
          >
            Total
          </th>
          <td
            class="budget-table--number "
            headers="program-budget-table-mmis75 program-budget-table-mmis75-fed"
          >
            <span>
              $1,428,184
            </span>
          </td>
          <td
            class="budget-table--number "
            headers="program-budget-table-mmis75 program-budget-table-mmis75-state"
          >
            <span>
              $476,061
            </span>
          </td>
          <td
            class="budget-table--number "
            headers="program-budget-table-mmis50 program-budget-table-mmis50-fed"
          >
            <span>
              $0
            </span>
          </td>
          <td
            class="budget-table--number "
            headers="program-budget-table-mmis50 program-budget-table-mmis50-state"
          >
            <span>
              $0
            </span>
          </td>
          <td
            class="budget-table--number "
            headers="program-budget-table-mmisTotal program-budget-table-mmisTotal-fed"
          >
            <span>
              $1,428,184
            </span>
          </td>
          <td
            class="budget-table--number "
            headers="program-budget-table-mmisTotal program-budget-table-mmisTotal-state"
          >
            <span>
              $476,061
            </span>
          </td>
          <td
            class="budget-table--number budget-table--cell__hightlight-lighter"
            headers="program-budget-table-mmisTotal program-budget-table-mmisTotal-total"
          >
            <span>
              $1,904,245
            </span>
          </td>
        </tr>
      </tbody>
    </table>
  </div>
</DocumentFragment>
`;

exports[`<MmisBudgetSummary /> renders correctly with empty budget 1`] = `
<DocumentFragment>
  <div
    class="subsection--title"
  >
    <h3
      class=" ds-h3"
      id="executive-summary-budget-table"
    >
      Program Budget Tables
    </h3>
    <div>
      <div
        class="visibility--screen"
      >
        <p>
          Program budget tables are automatically computed for this APD. This table will be referenced in the CMS approval letter.
        </p>
      </div>
    </div>
  </div>
</DocumentFragment>
`;
