// Jest Snapshot v1, https://goo.gl/fbAQLP

exports[`the MilestoneForm component renders correctly 1`] = `
<MilestoneForm
  activityIndex={225}
  index={3252}
  item={
    Object {
      "endDate": "1942-8-16",
      "milestone": "Milestone name",
    }
  }
  saveMilestone={[MockFunction]}
>
  <form
    index={3252}
    onSubmit={[Function]}
  >
    <h6
      className="ds-h4"
    >
      Milestone 
      3253
      :
    </h6>
    <TextField
      className="remove-clearfix textfield__container"
      data-cy="milestone-3252"
      label="Name"
      name="name"
      onChange={[Function]}
      type="text"
      value="Milestone name"
    >
      <FormControl
        className="ds-u-clearfix remove-clearfix textfield__container"
        component="div"
        label="Name"
        labelComponent="label"
        render={[Function]}
      >
        <div
          className="ds-u-clearfix remove-clearfix textfield__container"
        >
          <FormLabel
            component="label"
            errorId="field_1-error"
            fieldId="field_1"
            id="field_1-label"
          >
            <label
              className="ds-c-label"
              htmlFor="field_1"
              id="field_1-label"
            >
              <span
                className=""
              >
                Name
              </span>
            </label>
          </FormLabel>
          <TextInput
            data-cy="milestone-3252"
            errorId="field_1-error"
            errorPlacement="top"
            id="field_1"
            name="name"
            onChange={[Function]}
            setRef={[Function]}
            type="text"
            value="Milestone name"
          >
            <input
              aria-invalid={false}
              className="ds-c-field"
              data-cy="milestone-3252"
              id="field_1"
              name="name"
              onChange={[Function]}
              type="text"
              value="Milestone name"
            />
          </TextInput>
        </div>
      </FormControl>
    </TextField>
    <DateField
      errorMessage=""
      hint=""
      label="Target completion date"
      onChange={[Function]}
      onComponentBlur={[Function]}
      value="1942-8-16"
    >
      <DateField
        dateFormatter={[Function]}
        dayInvalid={false}
        dayLabel="Day"
        dayName="day"
        dayValue={16}
        errorMessage=""
        errorPlacement="bottom"
        hint="For example: 4 / 28 / 1986"
        label="Date"
        monthInvalid={false}
        monthLabel="Month"
        monthName="month"
        monthValue={8}
        onBlur={[Function]}
        onChange={[Function]}
        onComponentBlur={[Function]}
        yearInvalid={false}
        yearLabel="Year"
        yearName="year"
        yearValue={1942}
      >
        <FormControl
          component="fieldset"
          errorMessage=""
          errorPlacement="bottom"
          hint="For example: 4 / 28 / 1986"
          label="Date"
          labelComponent="legend"
          render={[Function]}
        >
          <fieldset
            className="ds-c-fieldset"
          >
            <FormLabel
              component="legend"
              errorId="field_2-error"
              errorMessage=""
              hint="For example: 4 / 28 / 1986"
              id="field_2-label"
            >
              <legend
                className="ds-c-label"
                id="field_2-label"
              >
                <span
                  className=""
                >
                  Date
                </span>
                <span
                  className="ds-c-field__hint"
                >
                  For example: 4 / 28 / 1986
                </span>
              </legend>
            </FormLabel>
            <DateInput
              dateFormatter={[Function]}
              dayInvalid={false}
              dayLabel="Day"
              dayName="day"
              dayValue={16}
              labelId="field_2-label"
              monthInvalid={false}
              monthLabel="Month"
              monthName="month"
              monthValue={8}
              onBlur={[Function]}
              onChange={[Function]}
              onComponentBlur={[Function]}
              yearInvalid={false}
              yearLabel="Year"
              yearName="year"
              yearValue={1942}
            >
              <div
                className="ds-c-datefield__container ds-l-form-row"
              >
                <TextField
                  aria-describedby="field_2-label"
                  aria-invalid={false}
                  className="ds-l-col--auto"
                  fieldClassName="ds-c-field--month"
                  inputRef={[Function]}
                  label="Month"
                  labelClassName="ds-c-datefield__label"
                  name="month"
                  numeric={true}
                  onBlur={[Function]}
                  onChange={[Function]}
                  type="text"
                  value={8}
                >
                  <FormControl
                    className="ds-u-clearfix ds-l-col--auto"
                    component="div"
                    inputRef={[Function]}
                    label="Month"
                    labelClassName="ds-c-datefield__label"
                    labelComponent="label"
                    render={[Function]}
                  >
                    <div
                      className="ds-u-clearfix ds-l-col--auto"
                    >
                      <FormLabel
                        className="ds-c-datefield__label"
                        component="label"
                        errorId="field_3-error"
                        fieldId="field_3"
                        id="field_3-label"
                      >
                        <label
                          className="ds-c-label ds-c-datefield__label"
                          htmlFor="field_3"
                          id="field_3-label"
                        >
                          <span
                            className=""
                          >
                            Month
                          </span>
                        </label>
                      </FormLabel>
                      <TextInput
                        aria-describedby="field_2-label"
                        aria-invalid={false}
                        errorId="field_3-error"
                        errorPlacement="top"
                        fieldClassName="ds-c-field--month"
                        id="field_3"
                        name="month"
                        numeric={true}
                        onBlur={[Function]}
                        onChange={[Function]}
                        setRef={[Function]}
                        type="text"
                        value={8}
                      >
                        <input
                          aria-describedby="field_2-label"
                          aria-invalid={false}
                          className="ds-c-field ds-c-field--month"
                          id="field_3"
                          inputMode="numeric"
                          name="month"
                          onBlur={[Function]}
                          onChange={[Function]}
                          pattern="[0-9]*"
                          type="text"
                          value={8}
                        />
                      </TextInput>
                    </div>
                  </FormControl>
                </TextField>
                <span
                  className="ds-c-datefield__separator"
                >
                  /
                </span>
                <TextField
                  aria-describedby="field_2-label"
                  aria-invalid={false}
                  className="ds-l-col--auto"
                  fieldClassName="ds-c-field--day"
                  inputRef={[Function]}
                  label="Day"
                  labelClassName="ds-c-datefield__label"
                  name="day"
                  numeric={true}
                  onBlur={[Function]}
                  onChange={[Function]}
                  type="text"
                  value={16}
                >
                  <FormControl
                    className="ds-u-clearfix ds-l-col--auto"
                    component="div"
                    inputRef={[Function]}
                    label="Day"
                    labelClassName="ds-c-datefield__label"
                    labelComponent="label"
                    render={[Function]}
                  >
                    <div
                      className="ds-u-clearfix ds-l-col--auto"
                    >
                      <FormLabel
                        className="ds-c-datefield__label"
                        component="label"
                        errorId="field_4-error"
                        fieldId="field_4"
                        id="field_4-label"
                      >
                        <label
                          className="ds-c-label ds-c-datefield__label"
                          htmlFor="field_4"
                          id="field_4-label"
                        >
                          <span
                            className=""
                          >
                            Day
                          </span>
                        </label>
                      </FormLabel>
                      <TextInput
                        aria-describedby="field_2-label"
                        aria-invalid={false}
                        errorId="field_4-error"
                        errorPlacement="top"
                        fieldClassName="ds-c-field--day"
                        id="field_4"
                        name="day"
                        numeric={true}
                        onBlur={[Function]}
                        onChange={[Function]}
                        setRef={[Function]}
                        type="text"
                        value={16}
                      >
                        <input
                          aria-describedby="field_2-label"
                          aria-invalid={false}
                          className="ds-c-field ds-c-field--day"
                          id="field_4"
                          inputMode="numeric"
                          name="day"
                          onBlur={[Function]}
                          onChange={[Function]}
                          pattern="[0-9]*"
                          type="text"
                          value={16}
                        />
                      </TextInput>
                    </div>
                  </FormControl>
                </TextField>
                <span
                  className="ds-c-datefield__separator"
                >
                  /
                </span>
                <TextField
                  aria-describedby="field_2-label"
                  aria-invalid={false}
                  className="ds-l-col--auto"
                  fieldClassName="ds-c-field--year"
                  inputRef={[Function]}
                  label="Year"
                  labelClassName="ds-c-datefield__label"
                  name="year"
                  numeric={true}
                  onBlur={[Function]}
                  onChange={[Function]}
                  type="text"
                  value={1942}
                >
                  <FormControl
                    className="ds-u-clearfix ds-l-col--auto"
                    component="div"
                    inputRef={[Function]}
                    label="Year"
                    labelClassName="ds-c-datefield__label"
                    labelComponent="label"
                    render={[Function]}
                  >
                    <div
                      className="ds-u-clearfix ds-l-col--auto"
                    >
                      <FormLabel
                        className="ds-c-datefield__label"
                        component="label"
                        errorId="field_5-error"
                        fieldId="field_5"
                        id="field_5-label"
                      >
                        <label
                          className="ds-c-label ds-c-datefield__label"
                          htmlFor="field_5"
                          id="field_5-label"
                        >
                          <span
                            className=""
                          >
                            Year
                          </span>
                        </label>
                      </FormLabel>
                      <TextInput
                        aria-describedby="field_2-label"
                        aria-invalid={false}
                        errorId="field_5-error"
                        errorPlacement="top"
                        fieldClassName="ds-c-field--year"
                        id="field_5"
                        name="year"
                        numeric={true}
                        onBlur={[Function]}
                        onChange={[Function]}
                        setRef={[Function]}
                        type="text"
                        value={1942}
                      >
                        <input
                          aria-describedby="field_2-label"
                          aria-invalid={false}
                          className="ds-c-field ds-c-field--year"
                          id="field_5"
                          inputMode="numeric"
                          name="year"
                          onBlur={[Function]}
                          onChange={[Function]}
                          pattern="[0-9]*"
                          type="text"
                          value={1942}
                        />
                      </TextInput>
                    </div>
                  </FormControl>
                </TextField>
              </div>
            </DateInput>
          </fieldset>
        </FormControl>
      </DateField>
    </DateField>
    <input
      className="ds-u-visibility--hidden"
      hidden={true}
      type="submit"
    />
  </form>
</MilestoneForm>
`;
