// Jest Snapshot v1, https://goo.gl/fbAQLP

exports[`the GoalForm component renders correctly 1`] = `
<Fragment>
  <TextField
    autoFocus="true"
    className="data-entry-box"
    hint="Examples of goals include: improved health outcomes for benficiaries, transformation of public health services, enabling implementation of other initiatives, etc."
    label="Goal name"
    name="name"
    type="text"
    value="goal description"
  />
  <TextArea
    className="data-entry-box"
    hint="Explain how the state will make measurable progress towards the activity goal."
    label="Benchmarks"
    name="milestones"
    rows={6}
    value="goal objective"
  />
</Fragment>
`;
