// Jest Snapshot v1, https://goo.gl/fbAQLP

exports[`browser upgrade alert component does not render if the browser is not "yellow" 1`] = `""`;

exports[`browser upgrade alert component renders as expected for "yellow" browsers 1`] = `
<div
  className="ds-c-alert ds-c-alert--warn"
  dangerouslySetInnerHTML={
    Object {
      "__html": "<div class=\\"ds-c-alert__body\\">
  <h3 class=\\"ds-c-alert__heading\\">Please upgrade your browser.</h3>
  <p class=\\"ds-c-alert__text ds-u-measure--wide\\">
    It looks like you may be using an out-of-date web browser that we donâ€™t
    support. Please download or upgrade to one of these browsers to use the
    Centers for Medicare & Medicaid Services (CMS) eAPD site.
  </p>
  <div class=\\"ds-l-row\\">
  <div class=\\"ds-col-4\\">
          <a href=\\"https://www.google.com/chrome/\\" class=\\"ds-u-display--block ds-u-text-align--center ds-u-margin--2\\">
            <img
              src=/static/img/browsers/chrome.svg
              alt=\\"chrome\\"
              style=\\"width: 60px; height: 60px;\\"
            />
            <p>Google Chrome</p>
          </a>
        </div><div class=\\"ds-col-4\\">
          <a href=\\"https://www.microsoft.com/en-us/edge/\\" class=\\"ds-u-display--block ds-u-text-align--center ds-u-margin--2\\">
            <img
              src=/static/img/browsers/edge.svg
              alt=\\"edge\\"
              style=\\"width: 60px; height: 60px;\\"
            />
            <p>Microsoft Edge</p>
          </a>
        </div><div class=\\"ds-col-4\\">
          <a href=\\"https://www.mozilla.org/en-US/firefox/new/\\" class=\\"ds-u-display--block ds-u-text-align--center ds-u-margin--2\\">
            <img
              src=/static/img/browsers/firefox.svg
              alt=\\"firefox\\"
              style=\\"width: 60px; height: 60px;\\"
            />
            <p>Mozilla Firefox</p>
          </a>
        </div>
  </div>
</div>",
    }
  }
/>
`;
