// Jest Snapshot v1, https://goo.gl/fbAQLP

exports[`schedule summary component renders correctly 1`] = `
<Fragment>
  <Connect(ConnectedWaypoint) />
   
  <Connect(AlertMissingFFY) />
  <Section
    id="schedule-summary"
    resource="scheduleSummary"
  >
    <Subsection
      headerClassName={null}
      id="schedule-summary-table"
      nested={false}
      resource="scheduleSummary.main"
    >
      <table
        className="budget-table"
      >
        <thead>
          <tr>
            <th
              scope="col"
            >
              Activity List Overview
            </th>
            <th
              className="ds-u-text-align--right"
              scope="col"
            >
              Activity Date Range
            </th>
          </tr>
        </thead>
        <tbody>
          <tr
            className="summary-table--gray_row__highlight"
            key="Number One"
          >
            <td
              className="ds-u-font-weight--bold ds-u-border-right--0"
              style={
                Object {
                  "width": "70%",
                }
              }
            >
              Activity 
              1
              : 
              Number One
               Milestones
            </td>
            <td
              className="ds-u-font-weight--bold ds-u-text-align--right ds-u-border-left--0 budget-table--cell__nowrap"
            >
              date range 1
            </td>
          </tr>
          <tr
            className="summary-table--gray_row__highlight"
            key="Number ðŸ’©"
          >
            <td
              className="ds-u-font-weight--bold ds-u-border-right--0"
              style={
                Object {
                  "width": "70%",
                }
              }
            >
              Activity 
              2
              : 
              Number ðŸ’©
               Milestones
            </td>
            <td
              className="ds-u-font-weight--bold ds-u-text-align--right ds-u-border-left--0 budget-table--cell__nowrap"
            >
              date range 2
            </td>
          </tr>
          <tr
            className="summary-table--gray_row__highlight"
            key="Number Three"
          >
            <td
              className="ds-u-font-weight--bold ds-u-border-right--0"
              style={
                Object {
                  "width": "70%",
                }
              }
            >
              Activity 
              3
              : 
              Number Three
               Milestones
            </td>
            <td
              className="ds-u-font-weight--bold ds-u-text-align--right ds-u-border-left--0 budget-table--cell__nowrap"
            >
              date range 3
            </td>
          </tr>
        </tbody>
      </table>
    </Subsection>
    <Subsection
      headerClassName={null}
      id="schedule-milestones-table"
      nested={false}
      resource="scheduleSummary.milestone"
    >
      <table
        className="budget-table"
        key="Number One"
      >
        <thead>
          <tr
            className="budget-table--row__primary-header"
          >
            <th
              colSpan={2}
              scope="col"
              style={
                Object {
                  "width": "70%",
                }
              }
            >
              Activity 
              1
              : 
              Number One
            </th>
          </tr>
          <tr>
            <th
              className="ds-u-font-weight--bold ds-u-border-right--0 indent-title"
            >
              Milestone List
            </th>
            <th
              className="ds-u-font-weight--bold ds-u-border-right--0 ds-u-text-align--right"
            >
              Target Completion Date
            </th>
          </tr>
        </thead>
        <tbody>
          <tr
            key="one-one-03/16/1996"
          >
            <td
              className="ds-u-border-right--0 indent-title"
            >
              one-one
            </td>
            <td
              className="ds-u-border-left--0 ds-u-text-align--right"
            >
              03/16/1996
            </td>
          </tr>
          <tr
            key="one-two-05/23/1970"
          >
            <td
              className="ds-u-border-right--0 indent-title"
            >
              one-two
            </td>
            <td
              className="ds-u-border-left--0 ds-u-text-align--right"
            >
              05/23/1970
            </td>
          </tr>
        </tbody>
      </table>
      <table
        className="budget-table"
        key="Number ðŸ’©"
      >
        <thead>
          <tr
            className="budget-table--row__primary-header"
          >
            <th
              colSpan={2}
              scope="col"
              style={
                Object {
                  "width": "70%",
                }
              }
            >
              Activity 
              2
              : 
              Number ðŸ’©
            </th>
          </tr>
          <tr>
            <th
              className="ds-u-font-weight--bold ds-u-border-right--0 indent-title"
            >
              Milestone List
            </th>
            <th
              className="ds-u-font-weight--bold ds-u-border-right--0 ds-u-text-align--right"
            >
              Target Completion Date
            </th>
          </tr>
        </thead>
        <tbody>
          <tr
            key="three-one-10/06/2016"
          >
            <td
              className="ds-u-border-right--0 indent-title"
            >
              three-one
            </td>
            <td
              className="ds-u-border-left--0 ds-u-text-align--right"
            >
              10/06/2016
            </td>
          </tr>
          <tr
            key="two-two-06/25/2014"
          >
            <td
              className="ds-u-border-right--0 indent-title"
            >
              two-two
            </td>
            <td
              className="ds-u-border-left--0 ds-u-text-align--right"
            >
              06/25/2014
            </td>
          </tr>
          <tr
            key="two-three-08/21/1965"
          >
            <td
              className="ds-u-border-right--0 indent-title"
            >
              two-three
            </td>
            <td
              className="ds-u-border-left--0 ds-u-text-align--right"
            >
              08/21/1965
            </td>
          </tr>
        </tbody>
      </table>
      <table
        className="budget-table"
        key="Number Three"
      >
        <thead>
          <tr
            className="budget-table--row__primary-header"
          >
            <th
              colSpan={2}
              scope="col"
              style={
                Object {
                  "width": "70%",
                }
              }
            >
              Activity 
              3
              : 
              Number Three
            </th>
          </tr>
          <tr>
            <th
              className="ds-u-font-weight--bold ds-u-border-right--0 indent-title"
            >
              Milestone List
            </th>
            <th
              className="ds-u-font-weight--bold ds-u-border-right--0 ds-u-text-align--right"
            >
              Target Completion Date
            </th>
          </tr>
        </thead>
        <tbody>
          <tr
            key="three-one-06/09/2018"
          >
            <td
              className="ds-u-border-right--0 indent-title"
            >
              three-one
            </td>
            <td
              className="ds-u-border-left--0 ds-u-text-align--right"
            >
              06/09/2018
            </td>
          </tr>
        </tbody>
      </table>
    </Subsection>
  </Section>
</Fragment>
`;

exports[`schedule summary component renders correctly with no data 1`] = `
<Fragment>
  <Connect(ConnectedWaypoint) />
   
  <Connect(AlertMissingFFY) />
  <Section
    id="schedule-summary"
    resource="scheduleSummary"
  >
    <Subsection
      headerClassName={null}
      id="schedule-summary-table"
      nested={false}
      resource="scheduleSummary.main"
    >
      <div
        className="ds-c-alert ds-c-alert--warn"
      >
        There are no milestones scheduled.
      </div>
    </Subsection>
    <Subsection
      headerClassName={null}
      id="schedule-milestones-table"
      nested={false}
      resource="scheduleSummary.milestone"
    >
      <div
        className="ds-c-alert ds-c-alert--warn"
      >
        There are no milestones scheduled.
      </div>
    </Subsection>
  </Section>
</Fragment>
`;
