// Jest Snapshot v1, https://goo.gl/fbAQLP

exports[`states endpoint | GET /states when authenticated as a user with an associated state 1`] = `
Object {
  "id": "mn",
  "medicaid_office": Object {
    "address1": "100 Round Sq",
    "city": "Cityville",
    "director": Object {
      "email": "c.fudge@ministry.magic",
      "name": "Cornelius Fudge",
      "phone": "5551234567",
    },
    "state": "Minnesota",
    "zip": "12345",
  },
  "name": "Minnesota",
  "program_benefits": "The program will have benefits",
  "program_vision": "The program vision is 20/20",
  "state_pocs": Array [
    Object {
      "email": "corinne@thatplace",
      "name": "Corinne Johnson",
      "position": "Head of Muggle Studies",
    },
  ],
}
`;

exports[`states endpoint | GET /states when authenticated as a user without an associated state 1`] = `undefined`;

exports[`states/:id endpoint | GET /states/:id when authenticated as a user with permission with a non-existant state ID 1`] = `undefined`;

exports[`states/:id endpoint | GET /states/:id when authenticated as a user with permission with a real state ID 1`] = `
Object {
  "id": "mn",
  "medicaid_office": Object {
    "address1": "100 Round Sq",
    "city": "Cityville",
    "director": Object {
      "email": "c.fudge@ministry.magic",
      "name": "Cornelius Fudge",
      "phone": "5551234567",
    },
    "state": "Minnesota",
    "zip": "12345",
  },
  "name": "Minnesota",
  "program_benefits": "The program will have benefits",
  "program_vision": "The program vision is 20/20",
  "state_pocs": Array [
    Object {
      "email": "corinne@thatplace",
      "name": "Corinne Johnson",
      "position": "Head of Muggle Studies",
    },
  ],
}
`;
