// Jest Snapshot v1, https://goo.gl/fbAQLP

exports[`single activity entry page renders correctly 1`] = `
<div
  id="activity-entry-page"
>
  <h2>
    Activity 
    3
    : 
    A3
  </h2>
  <ActivityRoutes
    activityIndex={2}
  />
</div>
`;
