// Jest Snapshot v1, https://goo.gl/fbAQLP

exports[`the Milestones component renders correctly 1`] = `
<Subsection
  headerClassName={null}
  id={null}
  nested={false}
  resource="activities.milestones"
>
  <div
    className="mb3"
  >
    <hr />
    <FormAndReviewList
      activityIndex={7}
      addButtonText="Add another milestone"
      allowDeleteAll={false}
      className={null}
      collapsed={[Function]}
      expanded={
        Object {
          "$$typeof": Symbol(react.memo),
          "WrappedComponent": [Function],
          "compare": null,
          "displayName": "Connect(MilestoneForm)",
          "type": [Function],
        }
      }
      extraItemButtons={Array []}
      list={
        Array [
          Object {
            "endDate": "1945-05-05",
            "key": "milestone 1",
            "milestone": "Liberation Day",
          },
        ]
      }
      noDataMessage="Add milestones for this activity."
      onAddClick={[Function]}
      onDeleteClick={[Function]}
    />
  </div>
</Subsection>
`;
